src/pages/InboxPage.tsx(697,22): error TS2304: Cannot find name 'MoreVertical'.
src/pages/InboxPage.tsx(702,26): error TS2304: Cannot find name 'X'.
src/pages/InboxPage.tsx(834,22): error TS2304: Cannot find name 'X'.
